// Jest Snapshot v1, https://goo.gl/fbAQLP

exports[`VueTagEditorBulma renders correctly (snapshots) 1`] = `
<span>
  <tags-stub
    deleteareaclass="deleteArea"
    deletecontentclass="deleteContent"
    eventhub="[object Object]"
    tagareaclass="tagArea"
    tagcontentclass="tagContent"
    tagcustomclass=""
    tags="javascript,ruby"
    type="label"
  />
   
  <input
    class=""
    placeholder="Add tags..."
  />
</span>
`;
