// Jest Snapshot v1, https://goo.gl/fbAQLP

exports[`VueTagEditorBulma renders correctly (snapshots) 1`] = `
<span>
  <tags-stub
    deleteareaclass="deleteAreaBulma"
    deletecontentclass="deleteContentBulma"
    eventhub="[object Object]"
    tagareaclass="tagAreaBulma"
    tagcontentclass="tagContentBulma"
    tagcustomclass=""
    tags="javascript,ruby"
    type="label"
  />
   
  <input
    class=""
    placeholder=" Add tags..."
  />
</span>
`;
