// Jest Snapshot v1, https://goo.gl/fbAQLP

exports[`TagLink renders correctly (snapshots) 1`] = `
<span
  class="tagAreaClass"
>
  <span>
    <a
      class="tagContentClass"
    >
      <span>
        test
      </span>
    </a>
  </span>
   
  <tag-delete-button-stub
    deleteareaclass="deleteAreaClass"
    deletecontentclass="deleteContentClass"
    eventhub="[object Object]"
    tagname="test"
  />
</span>
`;
