// Jest Snapshot v1, https://goo.gl/fbAQLP

exports[`VueTagEditor renders correctly (snapshots) 1`] = `
<span>
  <tags-stub
    deleteareaclass="deleteAreaClass"
    deletecontentclass="deleteContentClass"
    eventhub="[object Object]"
    tagareaclass="tagAreaClass"
    tagcontentclass="tagContentClass"
    tags="javascript,ruby"
    type="label"
  />
   
  <input
    placeholder="Add tags..."
  />
</span>
`;
